
     Program PWSCF v.5.1.2 starts on 26Apr2015 at 21:32:37 

     This program is part of the open-source Quantum ESPRESSO suite
     for quantum simulation of materials; please cite
         "P. Giannozzi et al., J. Phys.:Condens. Matter 21 395502 (2009);
          URL http://www.quantum-espresso.org", 
     in publications or presentations arising from this work. More details at
     http://www.quantum-espresso.org/quote

     Parallel version (MPI), running on     4 processors
     R & G space division:  proc/nbgrp/npool/nimage =       4
     Waiting for input...
     Reading input from standard input

     Current dimensions of program PWSCF are:
     Max number of different atomic species (ntypx) = 10
     Max number of k-points (npk) =  40000
     Max angular momentum in pseudopotentials (lmaxx) =  3

     Subspace diagonalization in iterative solution of the eigenvalue problem:
     a serial algorithm will be used


     Parallelization info
     --------------------
     sticks:   dense  smooth     PW     G-vecs:    dense   smooth      PW
     Min         270     270     82                 5702     5702     964
     Max         271     271     83                 5703     5703     966
     Sum        1081    1081    329                22809    22809    3859



     bravais-lattice index     =            5
     lattice parameter (alat)  =       8.9683  a.u.
     unit-cell volume          =     477.5478 (a.u.)^3
     number of atoms/cell      =            2
     number of atomic types    =            1
     number of electrons       =        10.00
     number of Kohn-Sham states=           18
     kinetic-energy cutoff     =      50.0000  Ry
     charge density cutoff     =     200.0000  Ry
     convergence threshold     =      1.0E-08
     mixing beta               =       0.2000
     number of iterations used =            8  plain     mixing
     Exchange-correlation      = PBE ( 1  4  3  4 0 0)
     Non magnetic calculation with spin-orbit


     celldm(1)=   8.968262  celldm(2)=   0.000000  celldm(3)=   0.000000
     celldm(4)=   0.541218  celldm(5)=   0.000000  celldm(6)=   0.000000

     crystal axes: (cart. coord. in units of alat)
               a(1) = (   0.478948  -0.276521   0.833154 )  
               a(2) = (   0.000000   0.553041   0.833154 )  
               a(3) = (  -0.478948  -0.276521   0.833154 )  

     reciprocal axes: (cart. coord. in units 2 pi/alat)
               b(1) = (  1.043955 -0.602728  0.400086 )  
               b(2) = (  0.000000  1.205456  0.400086 )  
               b(3) = ( -1.043955 -0.602728  0.400086 )  


     PseudoPot. # 1 for Bi read from file:
     ../input/Bi_MT_PBE.UPF
     MD5 check sum: b574f8a1102dd4d1778b4090b55884d0
     Pseudo is Norm-conserving, Zval =  5.0
     Generated using "atomic" code by A. Dal Corso (espresso distribution)
     Using radial grid of 1283 points,  4 beta functions with: 
                l(1) =   1
                l(2) =   1
                l(3) =   2
                l(4) =   2

     atomic species   valence    mass     pseudopotential
        Bi             5.00   208.98038     Bi( 1.00)

     12 Sym. Ops., with inversion, found


                                    s                        frac. trans.

      isym =  1     identity                                     

 cryst.   s( 1) = (     1          0          0      )
                  (     0          1          0      )
                  (     0          0          1      )

 cart.    s( 1) = (  1.0000000  0.0000000  0.0000000 )
                  (  0.0000000  1.0000000  0.0000000 )
                  (  0.0000000  0.0000000  1.0000000 )


      isym =  2     180 deg rotation - cart. axis [1,0,0]        

 cryst.   s( 2) = (     0          0         -1      )
                  (     0         -1          0      )
                  (    -1          0          0      )

 cart.    s( 2) = (  1.0000000  0.0000000  0.0000000 )
                  (  0.0000000 -1.0000000  0.0000000 )
                  (  0.0000000  0.0000000 -1.0000000 )


      isym =  3     120 deg rotation - cryst. axis [0,0,1]       

 cryst.   s( 3) = (     0          1          0      )
                  (     0          0          1      )
                  (     1          0          0      )

 cart.    s( 3) = ( -0.5000000 -0.8660254 -0.0000000 )
                  (  0.8660254 -0.5000000 -0.0000000 )
                  (  0.0000000  0.0000000  1.0000000 )


      isym =  4     120 deg rotation - cryst. axis [0,0,-1]      

 cryst.   s( 4) = (     0          0          1      )
                  (     1          0          0      )
                  (     0          1          0      )

 cart.    s( 4) = ( -0.5000000  0.8660254  0.0000000 )
                  ( -0.8660254 -0.5000000 -0.0000000 )
                  (  0.0000000  0.0000000  1.0000000 )


      isym =  5     180 deg rotation - cryst. axis [0,1,0]       

 cryst.   s( 5) = (     0         -1          0      )
                  (    -1          0          0      )
                  (     0          0         -1      )

 cart.    s( 5) = ( -0.5000000 -0.8660254 -0.0000000 )
                  ( -0.8660254  0.5000000  0.0000000 )
                  (  0.0000000  0.0000000 -1.0000000 )


      isym =  6     180 deg rotation - cryst. axis [1,1,0]       

 cryst.   s( 6) = (    -1          0          0      )
                  (     0          0         -1      )
                  (     0         -1          0      )

 cart.    s( 6) = ( -0.5000000  0.8660254  0.0000000 )
                  (  0.8660254  0.5000000  0.0000000 )
                  (  0.0000000  0.0000000 -1.0000000 )


      isym =  7     inversion                                    

 cryst.   s( 7) = (    -1          0          0      )
                  (     0         -1          0      )
                  (     0          0         -1      )

 cart.    s( 7) = ( -1.0000000  0.0000000  0.0000000 )
                  (  0.0000000 -1.0000000  0.0000000 )
                  (  0.0000000  0.0000000 -1.0000000 )


      isym =  8     inv. 180 deg rotation - cart. axis [1,0,0]   

 cryst.   s( 8) = (     0          0          1      )
                  (     0          1          0      )
                  (     1          0          0      )

 cart.    s( 8) = ( -1.0000000  0.0000000  0.0000000 )
                  (  0.0000000  1.0000000  0.0000000 )
                  (  0.0000000  0.0000000  1.0000000 )


      isym =  9     inv. 120 deg rotation - cryst. axis [0,0,1]  

 cryst.   s( 9) = (     0         -1          0      )
                  (     0          0         -1      )
                  (    -1          0          0      )

 cart.    s( 9) = (  0.5000000  0.8660254  0.0000000 )
                  ( -0.8660254  0.5000000  0.0000000 )
                  (  0.0000000  0.0000000 -1.0000000 )


      isym = 10     inv. 120 deg rotation - cryst. axis [0,0,-1] 

 cryst.   s(10) = (     0          0         -1      )
                  (    -1          0          0      )
                  (     0         -1          0      )

 cart.    s(10) = (  0.5000000 -0.8660254 -0.0000000 )
                  (  0.8660254  0.5000000  0.0000000 )
                  (  0.0000000  0.0000000 -1.0000000 )


      isym = 11     inv. 180 deg rotation - cryst. axis [0,1,0]  

 cryst.   s(11) = (     0          1          0      )
                  (     1          0          0      )
                  (     0          0          1      )

 cart.    s(11) = (  0.5000000  0.8660254  0.0000000 )
                  (  0.8660254 -0.5000000 -0.0000000 )
                  (  0.0000000  0.0000000  1.0000000 )


      isym = 12     inv. 180 deg rotation - cryst. axis [1,1,0]  

 cryst.   s(12) = (     1          0          0      )
                  (     0          0          1      )
                  (     0          1          0      )

 cart.    s(12) = (  0.5000000 -0.8660254 -0.0000000 )
                  ( -0.8660254 -0.5000000 -0.0000000 )
                  (  0.0000000  0.0000000  1.0000000 )


     double point group D_3d (-3m) 
     there are 12 classes and  6 irreducible representations
     the character table:

       E     -E    2C3   -2C3  3C2'  -3C2' i     -i    2S6   -2S6  3s_v  -3s_v
                                                                              
G_4+   2.00 -2.00  1.00 -1.00  0.00  0.00  2.00 -2.00  1.00 -1.00  0.00  0.00
G_5+   1.00 -1.00 -1.00  1.00  0.00  0.00  1.00 -1.00 -1.00  1.00  0.00  0.00
G_6+   1.00 -1.00 -1.00  1.00  0.00  0.00  1.00 -1.00 -1.00  1.00  0.00  0.00
G_4-   2.00 -2.00  1.00 -1.00  0.00  0.00 -2.00  2.00 -1.00  1.00  0.00  0.00
G_5-   1.00 -1.00 -1.00  1.00  0.00  0.00 -1.00  1.00  1.00 -1.00  0.00  0.00
G_6-   1.00 -1.00 -1.00  1.00  0.00  0.00 -1.00  1.00  1.00 -1.00  0.00  0.00

     imaginary part

       E     -E    2C3   -2C3  3C2'  -3C2' i     -i    2S6   -2S6  3s_v  -3s_v
                                                                              
G_4+   0.00  0.00  0.00  0.00  0.00  0.00  0.00  0.00  0.00  0.00  0.00  0.00
G_5+   0.00  0.00  0.00  0.00  1.00 -1.00  0.00  0.00  0.00  0.00  1.00 -1.00
G_6+   0.00  0.00  0.00  0.00 -1.00  1.00  0.00  0.00  0.00  0.00 -1.00  1.00
G_4-   0.00  0.00  0.00  0.00  0.00  0.00  0.00  0.00  0.00  0.00  0.00  0.00
G_5-   0.00  0.00  0.00  0.00  1.00 -1.00  0.00  0.00  0.00  0.00 -1.00  1.00
G_6-   0.00  0.00  0.00  0.00 -1.00  1.00  0.00  0.00  0.00  0.00  1.00 -1.00

     the symmetry operations in each class and the name of the first element:

     E             1
                                                                 
     -E           -1
                                                                 
     2C3           3    4
                                                                 
     -2C3         -3   -4
                                                                 
     3C2'          2    5   -6
                                                                 
     3C2'          6   -5   -2
                                                                 
     i             7
                                                                 
     -i           -7
                                                                 
     2S6           9   10
                                                                 
     -2S6         -9  -10
                                                                 
     3s_v          8   11  -12
                                                                 
     3s_v         12  -11   -8
                                                                 

   Cartesian axes

     site n.     atom                  positions (alat units)
         1           Bi  tau(   1) = (   0.0000000  -0.0000000   0.5845991  )
         2           Bi  tau(   2) = (   0.0000000   0.0000000  -0.5845991  )

   Crystallographic axes

     site n.     atom                  positions (cryst. coord.)
         1           Bi  tau(   1) = (  0.2338900  0.2338900  0.2338900  )
         2           Bi  tau(   2) = ( -0.2338900 -0.2338900 -0.2338900  )

     number of k points=    32  gaussian smearing, width (Ry)=  0.0010
                       cart. coord. in units 2pi/alat
        k(    1) = (   0.0000000   0.0000000   0.0000000), wk =   0.0046296
        k(    2) = (  -0.1739926  -0.1004547   0.0666810), wk =   0.0277778
        k(    3) = (  -0.3479851  -0.2009093   0.1333620), wk =   0.0277778
        k(    4) = (   0.5219777   0.3013640  -0.2000431), wk =   0.0138889
        k(    5) = (  -0.1739926   0.1004547   0.1333620), wk =   0.0277778
        k(    6) = (  -0.3479851   0.0000000   0.2000431), wk =   0.0555556
        k(    7) = (   0.5219777   0.5022733  -0.1333620), wk =   0.0555556
        k(    8) = (   0.3479851   0.4018186  -0.0666810), wk =   0.0555556
        k(    9) = (   0.1739926   0.3013640   0.0000000), wk =   0.0277778
        k(   10) = (  -0.3479851   0.2009093   0.2667241), wk =   0.0277778
        k(   11) = (   0.5219777   0.7031826  -0.0666810), wk =   0.0555556
        k(   12) = (   0.3479851   0.6027280   0.0000000), wk =   0.0277778
        k(   13) = (   0.5219777  -0.3013640  -0.4000861), wk =   0.0138889
        k(   14) = (   0.0000000   0.0000000   0.2000431), wk =   0.0092593
        k(   15) = (  -0.1739926  -0.1004547   0.2667241), wk =   0.0277778
        k(   16) = (   0.6959703   0.4018186  -0.0666810), wk =   0.0277778
        k(   17) = (   0.5219777   0.3013640   0.0000000), wk =   0.0277778
        k(   18) = (   0.3479851   0.2009093   0.0666810), wk =   0.0277778
        k(   19) = (  -0.1739926   0.1004547   0.3334051), wk =   0.0277778
        k(   20) = (   0.6959703   0.6027280   0.0000000), wk =   0.0555556
        k(   21) = (   0.5219777   0.5022733   0.0666810), wk =   0.0555556
        k(   22) = (   0.3479851   0.4018186   0.1333620), wk =   0.0555556
        k(   23) = (   0.6959703  -0.4018186  -0.3334051), wk =   0.0277778
        k(   24) = (   0.5219777  -0.5022733  -0.2667241), wk =   0.0555556
        k(   25) = (   0.3479851  -0.6027280  -0.2000431), wk =   0.0277778
        k(   26) = (   0.5219777  -0.3013640  -0.2000431), wk =   0.0277778
        k(   27) = (   0.0000000   0.0000000   0.4000861), wk =   0.0092593
        k(   28) = (   0.8699629   0.5022733   0.0666810), wk =   0.0277778
        k(   29) = (   0.6959703   0.4018186   0.1333620), wk =   0.0277778
        k(   30) = (   0.8699629  -0.5022733  -0.2667241), wk =   0.0277778
        k(   31) = (   0.6959703  -0.6027280  -0.2000431), wk =   0.0277778
        k(   32) = (   0.0000000   0.0000000  -0.6001292), wk =   0.0046296

                       cryst. coord.
        k(    1) = (   0.0000000   0.0000000   0.0000000), wk =   0.0046296
        k(    2) = (   0.0000000   0.0000000   0.1666667), wk =   0.0277778
        k(    3) = (   0.0000000   0.0000000   0.3333333), wk =   0.0277778
        k(    4) = (   0.0000000   0.0000000  -0.5000000), wk =   0.0138889
        k(    5) = (  -0.0000000   0.1666667   0.1666667), wk =   0.0277778
        k(    6) = (   0.0000000   0.1666667   0.3333333), wk =   0.0555556
        k(    7) = (  -0.0000000   0.1666667  -0.5000000), wk =   0.0555556
        k(    8) = (   0.0000000   0.1666667  -0.3333333), wk =   0.0555556
        k(    9) = (   0.0000000   0.1666667  -0.1666667), wk =   0.0277778
        k(   10) = (  -0.0000000   0.3333333   0.3333333), wk =   0.0277778
        k(   11) = (   0.0000000   0.3333333  -0.5000000), wk =   0.0555556
        k(   12) = (   0.0000000   0.3333333  -0.3333333), wk =   0.0277778
        k(   13) = (  -0.0000000  -0.5000000  -0.5000000), wk =   0.0138889
        k(   14) = (   0.1666667   0.1666667   0.1666667), wk =   0.0092593
        k(   15) = (   0.1666667   0.1666667   0.3333333), wk =   0.0277778
        k(   16) = (   0.1666667   0.1666667  -0.5000000), wk =   0.0277778
        k(   17) = (   0.1666667   0.1666667  -0.3333333), wk =   0.0277778
        k(   18) = (   0.1666667   0.1666667  -0.1666667), wk =   0.0277778
        k(   19) = (   0.1666667   0.3333333   0.3333333), wk =   0.0277778
        k(   20) = (   0.1666667   0.3333333  -0.5000000), wk =   0.0555556
        k(   21) = (   0.1666667   0.3333333  -0.3333333), wk =   0.0555556
        k(   22) = (   0.1666667   0.3333333  -0.1666667), wk =   0.0555556
        k(   23) = (   0.1666667  -0.5000000  -0.5000000), wk =   0.0277778
        k(   24) = (   0.1666667  -0.5000000  -0.3333333), wk =   0.0555556
        k(   25) = (   0.1666667  -0.5000000  -0.1666667), wk =   0.0277778
        k(   26) = (   0.1666667  -0.3333333  -0.3333333), wk =   0.0277778
        k(   27) = (   0.3333333   0.3333333   0.3333333), wk =   0.0092593
        k(   28) = (   0.3333333   0.3333333  -0.5000000), wk =   0.0277778
        k(   29) = (   0.3333333   0.3333333  -0.3333333), wk =   0.0277778
        k(   30) = (   0.3333333  -0.5000000  -0.5000000), wk =   0.0277778
        k(   31) = (   0.3333333  -0.5000000  -0.3333333), wk =   0.0277778
        k(   32) = (  -0.5000000  -0.5000000  -0.5000000), wk =   0.0046296

     Dense  grid:    22809 G-vectors     FFT dimensions: (  45,  45,  45)

     Largest allocated arrays     est. size (Mb)     dimensions
        Kohn-Sham Wavefunctions         0.41 Mb     (    1478,   18)
        NL pseudopotentials             0.36 Mb     (     739,   32)
        Each V/rho on FFT grid          0.37 Mb     (   24300)
        Each G-vector array             0.04 Mb     (    5703)
        G-vector shells                 0.01 Mb     (    1610)
     Largest temporary arrays     est. size (Mb)     dimensions
        Auxiliary wavefunctions         1.62 Mb     (    1478,   72)
        Each subspace H/S matrix        0.08 Mb     (      72,   72)
        Each <psi_i|beta_j> matrix      0.02 Mb     (      32,   2,   18)
        Arrays for rho mixing           2.97 Mb     (   24300,    8)

     Initial potential from superposition of free atoms

     starting charge    9.99828, renormalised to   10.00000
     Starting wfc are   16 randomized atomic wfcs +    2 random wfc

     total cpu time spent up to now is        2.4 secs

     per-process dynamical memory:    25.8 Mb

     Self-consistent Calculation

     iteration #  1     ecut=    50.00 Ry     beta=0.20
     Davidson diagonalization with overlap
     ethr =  1.00E-02,  avg # of iterations =  6.3

     Threshold (ethr) on eigenvalues was too large:
     Diagonalizing with lowered threshold

     Davidson diagonalization with overlap
     ethr =  5.81E-05,  avg # of iterations =  4.4

     total cpu time spent up to now is       16.6 secs

     total energy              =     -22.28866628 Ry
     Harris-Foulkes estimate   =     -22.28894847 Ry
     estimated scf accuracy    <       0.00613553 Ry

     iteration #  2     ecut=    50.00 Ry     beta=0.20
     Davidson diagonalization with overlap
     ethr =  6.14E-05,  avg # of iterations =  1.0

     total cpu time spent up to now is       21.4 secs

     total energy              =     -22.28817813 Ry
     Harris-Foulkes estimate   =     -22.28868661 Ry
     estimated scf accuracy    <       0.00378810 Ry

     iteration #  3     ecut=    50.00 Ry     beta=0.20
     Davidson diagonalization with overlap
     ethr =  3.79E-05,  avg # of iterations =  1.0

     total cpu time spent up to now is       26.5 secs

     total energy              =     -22.28837670 Ry
     Harris-Foulkes estimate   =     -22.28838161 Ry
     estimated scf accuracy    <       0.00007527 Ry

     iteration #  4     ecut=    50.00 Ry     beta=0.20
     Davidson diagonalization with overlap
     ethr =  7.53E-07,  avg # of iterations =  2.9

     total cpu time spent up to now is       34.0 secs

     total energy              =     -22.28837439 Ry
     Harris-Foulkes estimate   =     -22.28842670 Ry
     estimated scf accuracy    <       0.00013298 Ry

     iteration #  5     ecut=    50.00 Ry     beta=0.20
     Davidson diagonalization with overlap
     ethr =  7.53E-07,  avg # of iterations =  1.0

     total cpu time spent up to now is       39.5 secs

     total energy              =     -22.28836998 Ry
     Harris-Foulkes estimate   =     -22.28838091 Ry
     estimated scf accuracy    <       0.00002001 Ry

     iteration #  6     ecut=    50.00 Ry     beta=0.20
     Davidson diagonalization with overlap
     ethr =  2.00E-07,  avg # of iterations =  2.0

     total cpu time spent up to now is       46.4 secs

     total energy              =     -22.28837452 Ry
     Harris-Foulkes estimate   =     -22.28837453 Ry
     estimated scf accuracy    <       0.00000052 Ry

     iteration #  7     ecut=    50.00 Ry     beta=0.20
     Davidson diagonalization with overlap
     ethr =  5.22E-09,  avg # of iterations =  2.0

     total cpu time spent up to now is       54.8 secs

     total energy              =     -22.28837432 Ry
     Harris-Foulkes estimate   =     -22.28837461 Ry
     estimated scf accuracy    <       0.00000067 Ry

     iteration #  8     ecut=    50.00 Ry     beta=0.20
     Davidson diagonalization with overlap
     ethr =  5.22E-09,  avg # of iterations =  1.3

     total cpu time spent up to now is       60.5 secs

     total energy              =     -22.28837436 Ry
     Harris-Foulkes estimate   =     -22.28837438 Ry
     estimated scf accuracy    <       0.00000007 Ry

     iteration #  9     ecut=    50.00 Ry     beta=0.20
     Davidson diagonalization with overlap
     ethr =  6.65E-10,  avg # of iterations =  2.0

     total cpu time spent up to now is       67.2 secs

     End of self-consistent calculation

          k = 0.0000 0.0000 0.0000 (  2837 PWs)   bands (ev):

    -7.4722  -7.4722  -1.8482  -1.8482   2.5821   2.5821   4.8000   4.8000
     5.0173   5.0173   6.4422   6.4422   8.8346   8.8346   9.2095   9.2095
    11.1317  11.1318

     occupation numbers 
     1.0000   1.0000   1.0000   1.0000   1.0000   1.0000   1.0000   1.0000
     1.0000   1.0000   0.0000   0.0000   0.0000   0.0000   0.0000   0.0000
     0.0000   0.0000

          k =-0.1740-0.1005 0.0667 (  2843 PWs)   bands (ev):

    -7.2149  -7.2149  -2.4353  -2.4353   2.7216   2.7216   4.6834   4.6834
     4.9231   4.9231   6.1556   6.1556   8.0564   8.0564   8.4296   8.4296
    10.5826  10.5826

     occupation numbers 
     1.0000   1.0000   1.0000   1.0000   1.0000   1.0000   1.0000   1.0000
     1.0000   1.0000   0.0000   0.0000   0.0000   0.0000   0.0000   0.0000
     0.0000   0.0000

          k =-0.3480-0.2009 0.1334 (  2845 PWs)   bands (ev):

    -6.4698  -6.4698  -3.7551  -3.7551   3.0482   3.0482   4.1582   4.1582
     5.0878   5.0878   5.6433   5.6433   6.7949   6.7949   7.2856   7.2856
    11.4065  11.4065

     occupation numbers 
     1.0000   1.0000   1.0000   1.0000   1.0000   1.0000   1.0000   1.0000
     1.0000   1.0000   0.0000   0.0000   0.0000   0.0000   0.0000   0.0000
     0.0000   0.0000

          k = 0.5220 0.3014-0.2000 (  2848 PWs)   bands (ev):

    -5.5604  -5.5604  -4.9215  -4.9215   3.5236   3.5236   3.5656   3.5656
     5.3403   5.3403   5.4306   5.4306   6.2568   6.2568   6.6724   6.6724
    13.0345  13.0345

     occupation numbers 
     1.0000   1.0000   1.0000   1.0000   1.0000   1.0000   1.0000   1.0000
     1.0000   1.0000   0.3333   0.3333   0.0000   0.0000   0.0000   0.0000
     0.0000   0.0000

          k =-0.1740 0.1005 0.1334 (  2845 PWs)   bands (ev):

    -7.1504  -7.1504  -2.4994  -2.4994   2.4911   2.4911   4.1886   4.1886
     4.9842   4.9842   6.3290   6.3290   7.9467   7.9467   9.2290   9.2290
    10.3652  10.3652

     occupation numbers 
     1.0000   1.0000   1.0000   1.0000   1.0000   1.0000   1.0000   1.0000
     1.0000   1.0000   0.0000   0.0000   0.0000   0.0000   0.0000   0.0000
     0.0000   0.0000

          k =-0.3480 0.0000 0.2000 (  2855 PWs)   bands (ev):

    -6.6006  -6.6006  -3.3633  -3.3633   2.3683   2.3683   3.4018   3.4018
     4.2230   4.2230   7.1468   7.1468   7.6506   7.6506   8.8986   8.8986
    10.0364  10.0364

     occupation numbers 
     1.0000   1.0000   1.0000   1.0000   1.0000   1.0000   1.0000   1.0000
     1.0000   1.0000   0.0000   0.0000   0.0000   0.0000   0.0000   0.0000
     0.0000   0.0000

          k = 0.5220 0.5023-0.1334 (  2852 PWs)   bands (ev):

    -5.6650  -5.6650  -4.5919  -4.5919   2.3082   2.3082   2.9481   2.9481
     4.1765   4.1765   6.5935   6.5935   7.6387   7.6387   8.4460   8.4460
    11.4949  11.4949

     occupation numbers 
     1.0000   1.0000   1.0000   1.0000   1.0000   1.0000   1.0000   1.0000
     1.0000   1.0000   0.0000   0.0000   0.0000   0.0000   0.0000   0.0000
     0.0000   0.0000

          k = 0.3480 0.4018-0.0667 (  2845 PWs)   bands (ev):

    -5.9180  -5.9180  -4.3182  -4.3182   2.1553   2.1553   3.5486   3.5486
     4.5979   4.5979   6.0268   6.0268   6.8461   6.8461   9.0216   9.0216
    11.4414  11.4414

     occupation numbers 
     1.0000   1.0000   1.0000   1.0000   1.0000   1.0000   1.0000   1.0000
     1.0000   1.0000   0.0000   0.0000   0.0000   0.0000   0.0000   0.0000
     0.0000   0.0000

          k = 0.1740 0.3014 0.0000 (  2850 PWs)   bands (ev):

    -6.7844  -6.7844  -3.1558  -3.1558   2.4797   2.4797   4.4085   4.4085
     4.7519   4.7519   6.1331   6.1331   6.6935   6.6935   9.1200   9.1200
    10.3666  10.3666

     occupation numbers 
     1.0000   1.0000   1.0000   1.0000   1.0000   1.0000   1.0000   1.0000
     1.0000   1.0000   0.0000   0.0000   0.0000   0.0000   0.0000   0.0000
     0.0000   0.0000

          k =-0.3480 0.2009 0.2667 (  2856 PWs)   bands (ev):

    -6.3113  -6.3113  -3.4290  -3.4290   1.7118   1.7118   2.2562   2.2562
     3.4982   3.4982   7.8662   7.8662   9.1931   9.1931   9.3934   9.3934
    10.9936  10.9936

     occupation numbers 
     1.0000   1.0000   1.0000   1.0000   1.0000   1.0000   1.0000   1.0000
     1.0000   1.0000   0.0000   0.0000   0.0000   0.0000   0.0000   0.0000
     0.0000   0.0000

          k = 0.5220 0.7032-0.0667 (  2849 PWs)   bands (ev):

    -5.7017  -5.7017  -4.0867  -4.0867   1.0946   1.0946   2.0513   2.0513
     3.3518   3.3518   8.0055   8.0055   9.1256   9.1256  10.2140  10.2140
    10.8880  10.8880

     occupation numbers 
     1.0000   1.0000   1.0000   1.0000   1.0000   1.0000   1.0000   1.0000
     1.0000   1.0000   0.0000   0.0000   0.0000   0.0000   0.0000   0.0000
     0.0000   0.0000

          k = 0.3480 0.6027 0.0000 (  2852 PWs)   bands (ev):

    -5.0493  -5.0493  -4.9702  -4.9702   1.1489   1.1489   2.5932   2.5932
     3.7597   3.7597   7.0786   7.0786   8.5054   8.5054  10.5537  10.5537
    11.4399  11.4399

     occupation numbers 
     1.0000   1.0000   1.0000   1.0000   1.0000   1.0000   1.0000   1.0000
     1.0000   1.0000   0.0000   0.0000   0.0000   0.0000   0.0000   0.0000
     0.0000   0.0000

          k = 0.5220-0.3014-0.4001 (  2842 PWs)   bands (ev):

    -5.6792  -5.6792  -3.8707  -3.8707   0.6642   0.6642   1.7169   1.7169
     3.1081   3.1081   7.7279   7.7279   9.5116   9.5116  11.6292  11.6292
    12.0005  12.0005

     occupation numbers 
     1.0000   1.0000   1.0000   1.0000   1.0000   1.0000   1.0000   1.0000
     1.0000   1.0000   0.0000   0.0000   0.0000   0.0000   0.0000   0.0000
     0.0000   0.0000

          k = 0.0000 0.0000 0.2000 (  2858 PWs)   bands (ev):

    -7.2652  -7.2652  -2.4251  -2.4251   2.7887   2.7887   4.7872   4.7872
     5.0813   5.0813   6.1274   6.1274   8.1406   8.1406   8.4896   8.4896
    10.5510  10.5510

     occupation numbers 
     1.0000   1.0000   1.0000   1.0000   1.0000   1.0000   1.0000   1.0000
     1.0000   1.0000   0.0000   0.0000   0.0000   0.0000   0.0000   0.0000
     0.0000   0.0000

          k =-0.1740-0.1005 0.2667 (  2844 PWs)   bands (ev):

    -6.8841  -6.8841  -3.0856  -3.0856   2.4443   2.4443   4.4208   4.4208
     5.2573   5.2573   6.0496   6.0496   6.8442   6.8442   9.1894   9.1894
    10.8070  10.8070

     occupation numbers 
     1.0000   1.0000   1.0000   1.0000   1.0000   1.0000   1.0000   1.0000
     1.0000   1.0000   0.0000   0.0000   0.0000   0.0000   0.0000   0.0000
     0.0000   0.0000

          k = 0.6960 0.4018-0.0667 (  2857 PWs)   bands (ev):

    -6.0638  -6.0638  -4.1797  -4.1797   2.0755   2.0755   3.5968   3.5968
     4.8849   4.8849   6.0139   6.0139   7.0757   7.0757   8.8801   8.8801
    11.7941  11.7941

     occupation numbers 
     1.0000   1.0000   1.0000   1.0000   1.0000   1.0000   1.0000   1.0000
     1.0000   1.0000   0.0000   0.0000   0.0000   0.0000   0.0000   0.0000
     0.0000   0.0000

          k = 0.5220 0.3014 0.0000 (  2848 PWs)   bands (ev):

    -5.6453  -5.6453  -4.6250  -4.6250   2.4280   2.4280   2.8581   2.8581
     4.2493   4.2493   6.6036   6.6036   7.7974   7.7974   8.0592   8.0592
    10.9597  10.9597

     occupation numbers 
     1.0000   1.0000   1.0000   1.0000   1.0000   1.0000   1.0000   1.0000
     1.0000   1.0000   0.0000   0.0000   0.0000   0.0000   0.0000   0.0000
     0.0000   0.0000

          k = 0.3480 0.2009 0.0667 (  2846 PWs)   bands (ev):

    -6.5578  -6.5578  -3.4109  -3.4109   2.4637   2.4637   3.4054   3.4054
     4.0948   4.0948   7.1283   7.1283   7.4496   7.4496   8.8028   8.8028
     9.9417   9.9417

     occupation numbers 
     1.0000   1.0000   1.0000   1.0000   1.0000   1.0000   1.0000   1.0000
     1.0000   1.0000   0.0000   0.0000   0.0000   0.0000   0.0000   0.0000
     0.0000   0.0000

          k =-0.1740 0.1005 0.3334 (  2858 PWs)   bands (ev):

    -6.7110  -6.7110  -3.2912  -3.2912   2.4005   2.4005   3.5329   3.5329
     4.3981   4.3981   7.1360   7.1360   7.7993   7.7993   9.0319   9.0319
    10.1733  10.1733

     occupation numbers 
     1.0000   1.0000   1.0000   1.0000   1.0000   1.0000   1.0000   1.0000
     1.0000   1.0000   0.0000   0.0000   0.0000   0.0000   0.0000   0.0000
     0.0000   0.0000

          k = 0.6960 0.6027 0.0000 (  2860 PWs)   bands (ev):

    -6.1181  -6.1181  -3.8974  -3.8974   1.7204   1.7204   2.4236   2.4236
     4.5261   4.5261   6.7521   6.7521   8.8910   8.8910   9.6463   9.6463
    10.7085  10.7085

     occupation numbers 
     1.0000   1.0000   1.0000   1.0000   1.0000   1.0000   1.0000   1.0000
     1.0000   1.0000   0.0000   0.0000   0.0000   0.0000   0.0000   0.0000
     0.0000   0.0000

          k = 0.5220 0.5023 0.0667 (  2848 PWs)   bands (ev):

    -5.3638  -5.3638  -4.6672  -4.6672   1.5563   1.5563   1.7792   1.7792
     4.9034   4.9034   6.0347   6.0347   9.5644   9.5644   9.8760   9.8760
    11.3637  11.3638

     occupation numbers 
     1.0000   1.0000   1.0000   1.0000   1.0000   1.0000   1.0000   1.0000
     1.0000   1.0000   0.0000   0.0000   0.0000   0.0000   0.0000   0.0000
     0.0000   0.0000

          k = 0.3480 0.4018 0.1334 (  2850 PWs)   bands (ev):

    -5.9193  -5.9193  -4.0868  -4.0868   1.7645   1.7645   2.4033   2.4033
     4.2030   4.2030   6.7106   6.7106   8.6509   8.6509   9.4271   9.4271
    10.6534  10.6534

     occupation numbers 
     1.0000   1.0000   1.0000   1.0000   1.0000   1.0000   1.0000   1.0000
     1.0000   1.0000   0.0000   0.0000   0.0000   0.0000   0.0000   0.0000
     0.0000   0.0000

          k = 0.6960-0.4018-0.3334 (  2848 PWs)   bands (ev):

    -5.8591  -5.8591  -3.9409  -3.9409   1.0465   1.0465   2.1731   2.1731
     3.4768   3.4768   7.9042   7.9042   9.2117   9.2117  10.4451  10.4451
    11.0385  11.0385

     occupation numbers 
     1.0000   1.0000   1.0000   1.0000   1.0000   1.0000   1.0000   1.0000
     1.0000   1.0000   0.0000   0.0000   0.0000   0.0000   0.0000   0.0000
     0.0000   0.0000

          k = 0.5220-0.5023-0.2667 (  2847 PWs)   bands (ev):

    -5.4312  -5.4312  -4.3587  -4.3587   0.8956   0.8956   1.6315   1.6315
     4.0425   4.0425   7.2298   7.2298   9.3745   9.3745  11.0679  11.0679
    11.3964  11.3965

     occupation numbers 
     1.0000   1.0000   1.0000   1.0000   1.0000   1.0000   1.0000   1.0000
     1.0000   1.0000   0.0000   0.0000   0.0000   0.0000   0.0000   0.0000
     0.0000   0.0000

          k = 0.3480-0.6027-0.2000 (  2842 PWs)   bands (ev):

    -5.0350  -5.0350  -4.9854  -4.9854   1.3521   1.3521   2.0302   2.0302
     4.5842   4.5842   6.0854   6.0854   9.6306   9.6306  10.0155  10.0155
    11.5176  11.5177

     occupation numbers 
     1.0000   1.0000   1.0000   1.0000   1.0000   1.0000   1.0000   1.0000
     1.0000   1.0000   0.0000   0.0000   0.0000   0.0000   0.0000   0.0000
     0.0000   0.0000

          k = 0.5220-0.3014-0.2000 (  2858 PWs)   bands (ev):

    -5.6877  -5.6877  -4.1189  -4.1189   1.1419   1.1419   2.0442   2.0442
     3.4101   3.4101   7.7924   7.7924   9.1093   9.1093  10.3550  10.3550
    10.6209  10.6209

     occupation numbers 
     1.0000   1.0000   1.0000   1.0000   1.0000   1.0000   1.0000   1.0000
     1.0000   1.0000   0.0000   0.0000   0.0000   0.0000   0.0000   0.0000
     0.0000   0.0000

          k = 0.0000 0.0000 0.4001 (  2861 PWs)   bands (ev):

    -6.7067  -6.7067  -3.5954  -3.5954   3.2204   3.2204   4.4987   4.4987
     5.3075   5.3075   5.7688   5.7688   7.0408   7.0408   7.3342   7.3342
    11.3175  11.3175

     occupation numbers 
     1.0000   1.0000   1.0000   1.0000   1.0000   1.0000   1.0000   1.0000
     1.0000   1.0000   0.0000   0.0000   0.0000   0.0000   0.0000   0.0000
     0.0000   0.0000

          k = 0.8700 0.5023 0.0667 (  2866 PWs)   bands (ev):

    -6.2895  -6.2895  -3.9990  -3.9990   2.1668   2.1668   3.8060   3.8060
     5.0089   5.0089   6.1134   6.1134   7.0790   7.0790   9.2336   9.2336
    11.6100  11.6100

     occupation numbers 
     1.0000   1.0000   1.0000   1.0000   1.0000   1.0000   1.0000   1.0000
     1.0000   1.0000   0.0000   0.0000   0.0000   0.0000   0.0000   0.0000
     0.0000   0.0000

          k = 0.6960 0.4018 0.1334 (  2842 PWs)   bands (ev):

    -5.6369  -5.6369  -4.4043  -4.4043   1.1240   1.1240   2.7226   2.7226
     3.9971   3.9971   7.1313   7.1313   8.6124   8.6124  10.5830  10.5831
    11.1502  11.1502

     occupation numbers 
     1.0000   1.0000   1.0000   1.0000   1.0000   1.0000   1.0000   1.0000
     1.0000   1.0000   0.0000   0.0000   0.0000   0.0000   0.0000   0.0000
     0.0000   0.0000

          k = 0.8700-0.5023-0.2667 (  2872 PWs)   bands (ev):

    -6.1350  -6.1350  -4.1799  -4.1799   2.3125   2.3125   3.2599   3.2599
     4.4859   4.4859   6.7113   6.7113   7.8377   7.8377   8.7290   8.7290
    11.1504  11.1504

     occupation numbers 
     1.0000   1.0000   1.0000   1.0000   1.0000   1.0000   1.0000   1.0000
     1.0000   1.0000   0.0000   0.0000   0.0000   0.0000   0.0000   0.0000
     0.0000   0.0000

          k = 0.6960-0.6027-0.2000 (  2860 PWs)   bands (ev):

    -5.7384  -5.7384  -4.3080  -4.3080   1.4066   1.4066   2.0363   2.0363
     5.1821   5.1821   5.9716   5.9716   9.6262   9.6262  10.2272  10.2272
    11.3638  11.3638

     occupation numbers 
     1.0000   1.0000   1.0000   1.0000   1.0000   1.0000   1.0000   1.0000
     1.0000   1.0000   0.0000   0.0000   0.0000   0.0000   0.0000   0.0000
     0.0000   0.0000

          k = 0.0000 0.0000-0.6001 (  2902 PWs)   bands (ev):

    -6.2455  -6.2455  -4.3204  -4.3204   3.6180   3.6180   4.0666   4.0666
     5.5457   5.5457   5.7880   5.7880   6.4851   6.4851   6.7291   6.7291
    12.5339  12.5339

     occupation numbers 
     1.0000   1.0000   1.0000   1.0000   1.0000   1.0000   1.0000   1.0000
     0.0000   0.0000   0.0000   0.0000   0.0000   0.0000   0.0000   0.0000
     0.0000   0.0000

     the Fermi energy is     5.4264 ev

!    total energy              =     -22.28837437 Ry
     Harris-Foulkes estimate   =     -22.28837437 Ry
     estimated scf accuracy    <          1.2E-09 Ry

     The total energy is the sum of the following terms:

     one-electron contribution =       4.82625198 Ry
     hartree contribution      =       1.05124622 Ry
     xc contribution           =      -5.42207979 Ry
     ewald contribution        =     -22.74378564 Ry
     smearing contrib. (-TS)   =      -0.00000714 Ry

     convergence has been achieved in   9 iterations

     Writing output data file bi.save

     init_run     :      2.28s CPU      2.30s WALL (       1 calls)
     electrons    :     64.39s CPU     64.77s WALL (       1 calls)

     Called by init_run:
     wfcinit      :      2.02s CPU      2.04s WALL (       1 calls)
     potinit      :      0.10s CPU      0.09s WALL (       1 calls)

     Called by electrons:
     c_bands      :     51.36s CPU     51.65s WALL (      10 calls)
     sum_band     :     12.58s CPU     12.65s WALL (      10 calls)
     v_of_rho     :      0.26s CPU      0.27s WALL (      10 calls)
     v_h          :      0.01s CPU      0.01s WALL (      10 calls)
     v_xc         :      0.26s CPU      0.26s WALL (      10 calls)
     mix_rho      :      0.16s CPU      0.16s WALL (      10 calls)

     Called by c_bands:
     init_us_2    :      0.49s CPU      0.51s WALL (     672 calls)
     cegterg      :     50.23s CPU     50.43s WALL (     320 calls)

     Called by sum_band:

     Called by *egterg:
     h_psi        :     43.98s CPU     44.21s WALL (    1118 calls)
     g_psi        :      0.14s CPU      0.13s WALL (     766 calls)
     cdiaghg      :      1.10s CPU      1.07s WALL (    1054 calls)
     cegterg:over :      2.74s CPU      2.71s WALL (     766 calls)
     cegterg:upda :      1.62s CPU      1.62s WALL (     766 calls)
     cegterg:last :      0.76s CPU      0.77s WALL (     322 calls)

     Called by h_psi:
     h_psi:vloc   :     40.21s CPU     40.35s WALL (    1118 calls)
     h_psi:vnl    :      3.50s CPU      3.59s WALL (    1118 calls)
     add_vuspsi   :      1.57s CPU      1.67s WALL (    1118 calls)

     General routines
     calbec       :      1.92s CPU      1.91s WALL (    1118 calls)
     fft          :      0.16s CPU      0.14s WALL (     171 calls)
     fftw         :     43.88s CPU     44.10s WALL (   69764 calls)

     Parallel routines
     fft_scatter  :     12.02s CPU     12.06s WALL (   69935 calls)

     PWSCF        :  1m 7.06s CPU     1m 8.04s WALL


   This run was terminated on:  21:33:45  26Apr2015            

=------------------------------------------------------------------------------=
   JOB DONE.
=------------------------------------------------------------------------------=
